<?xml version="1.0" encoding="utf-8"?><testsuites><testsuite name="pytest" errors="0" failures="0" skipped="2" tests="602" time="65.895" timestamp="2025-11-28T09:54:59.276129-07:00" hostname="Jesuss-MacBook-Pro.local"><testcase classname="core.tests.test_earned_value.EarnedValueTests" name="test_ac_from_expense" time="7.355" /><testcase classname="core.tests.test_earned_value.EarnedValueTests" name="test_ev_from_progress" time="0.002" /><testcase classname="core.tests.test_earned_value.EarnedValueTests" name="test_pv_linear" time="0.003" /><testcase classname="core.tests.test_earned_value.EarnedValueTests" name="test_spi_cpi" time="0.002" /><testcase classname="core.tests.test_ev.EarnedValueTests" name="test_add_progress_allowed_for_staff" time="0.528" /><testcase classname="core.tests.test_ev.EarnedValueTests" name="test_add_progress_forbidden_for_non_staff" time="0.219" /><testcase classname="core.tests.test_ev.EarnedValueTests" name="test_edit_progress_requires_staff" time="0.219" /><testcase classname="core.tests.test_ev.EarnedValueTests" name="test_edit_progress_staff_ok" time="0.236" /><testcase classname="core.tests.test_ev.EarnedValueTests" name="test_progress_redirect_route" time="0.225" /><testcase classname="core.tests.test_ev.EarnedValueTests" name="test_project_ev_get_ok" time="0.235" /><testcase classname="core.tests.test_ev.EarnedValueTests" name="test_series_endpoint_json" time="0.229" /><testcase classname="core.tests.test_planning" name="test_daily_plan_overdue_flag" time="0.077" /><testcase classname="core.tests.test_planning" name="test_material_check_sufficient" time="0.154" /><testcase classname="core.tests.test_planning" name="test_material_check_shortage" time="0.079" /><testcase classname="core.tests.test_smoke_routes.TestSmokeRoutes" name="test_income_expense_lists" time="0.164" /><testcase classname="core.tests.test_smoke_routes.TestSmokeRoutes" name="test_income_expense_edit_pages" time="0.159" /><testcase classname="core.tests.test_smoke_routes.TestSmokeRoutes" name="test_damage_edit_delete_pages" time="0.160" /><testcase classname="core.tests.test_smoke_routes.TestSmokeRoutes" name="test_floor_plan_edit_delete_pages" time="0.153" /><testcase classname="core.tests.test_smoke_routes.TestSmokeRoutes" name="test_timeentry_edit_delete_pages" time="0.156" /><testcase classname="core.tests.test_smoke_routes.TestSmokeRoutes" name="test_rfi_edit_delete_pages" time="0.158" /><testcase classname="core.tests.test_smoke_routes.TestSmokeRoutes" name="test_issue_edit_delete_pages" time="0.156" /><testcase classname="core.tests.test_smoke_routes.TestSmokeRoutes" name="test_risk_edit_delete_pages" time="0.155" /><testcase classname="core.tests.test_smoke_routes.TestSmokeRoutes" name="test_unauthenticated_redirects" time="0.150" /><testcase classname="test_activity1_2_endpoints" name="test_task_time_tracking" time="0.074" /><testcase classname="test_activity1_2_endpoints" name="test_daily_plan_endpoints" time="0.001" /><testcase classname="tests.test_analytics_dashboards.TestProjectHealthDashboard" name="test_project_health_success" time="0.080" /><testcase classname="tests.test_analytics_dashboards.TestProjectHealthDashboard" name="test_project_health_not_found" time="0.074" /><testcase classname="tests.test_analytics_dashboards.TestProjectHealthDashboard" name="test_project_health_unauthenticated" time="0.076" /><testcase classname="tests.test_analytics_dashboards.TestTouchupAnalyticsDashboard" name="test_touchup_analytics_global" time="0.108" /><testcase classname="tests.test_analytics_dashboards.TestTouchupAnalyticsDashboard" name="test_touchup_analytics_with_project_filter" time="0.076" /><testcase classname="tests.test_analytics_dashboards.TestTouchupAnalyticsDashboard" name="test_touchup_analytics_empty_dataset" time="0.073" /><testcase classname="tests.test_analytics_dashboards.TestTouchupAnalyticsDashboard" name="test_touchup_analytics_unauthenticated" time="0.001" /><testcase classname="tests.test_analytics_dashboards.TestTouchupAnalyticsDashboard" name="test_touchup_analytics_trends" time="0.077" /><testcase classname="tests.test_analytics_dashboards.TestColorApprovalAnalyticsDashboard" name="test_color_approval_analytics_success" time="0.075" /><testcase classname="tests.test_analytics_dashboards.TestColorApprovalAnalyticsDashboard" name="test_color_approval_analytics_with_project_filter" time="0.075" /><testcase classname="tests.test_analytics_dashboards.TestColorApprovalAnalyticsDashboard" name="test_color_approval_analytics_empty" time="0.074" /><testcase classname="tests.test_analytics_dashboards.TestColorApprovalAnalyticsDashboard" name="test_color_approval_analytics_unauthenticated" time="0.001" /><testcase classname="tests.test_analytics_dashboards.TestColorApprovalAnalyticsDashboard" name="test_color_approval_pending_aging" time="0.076" /><testcase classname="tests.test_analytics_dashboards.TestPMPerformanceDashboard" name="test_pm_performance_success_admin" time="0.151" /><testcase classname="tests.test_analytics_dashboards.TestPMPerformanceDashboard" name="test_pm_performance_forbidden_regular_user" time="0.219" /><testcase classname="tests.test_analytics_dashboards.TestPMPerformanceDashboard" name="test_pm_performance_unauthenticated" time="0.001" /><testcase classname="tests.test_analytics_dashboards.TestPMPerformanceDashboard" name="test_pm_performance_empty_dataset" time="0.073" /><testcase classname="tests.test_analytics_dashboards.TestPMPerformanceDashboard" name="test_pm_performance_staff_access" time="0.149" /><testcase classname="tests.test_analytics_dashboards.TestAnalyticsEdgeCases" name="test_project_health_with_zero_budget" time="0.075" /><testcase classname="tests.test_analytics_dashboards.TestAnalyticsEdgeCases" name="test_touchup_completion_rate_calculation" time="0.078" /><testcase classname="tests.test_analytics_dashboards.TestAnalyticsEdgeCases" name="test_color_approval_brand_top_10_limit" time="0.075" /><testcase classname="tests.test_analytics_dashboards.TestAnalyticsEdgeCases" name="test_pm_performance_completion_rate_accuracy" time="0.151" /><testcase classname="tests.test_analytics_dashboards.TestAnalyticsPerformance" name="test_project_health_query_efficiency" time="0.082" /><testcase classname="tests.test_analytics_rigorous.TestColorApprovalAnalytics" name="test_color_approval_analytics_requires_authentication" time="0.075" /><testcase classname="tests.test_analytics_rigorous.TestColorApprovalAnalytics" name="test_color_approval_analytics_global_success" time="0.076" /><testcase classname="tests.test_analytics_rigorous.TestColorApprovalAnalytics" name="test_color_approval_analytics_by_project" time="0.077" /><testcase classname="tests.test_analytics_rigorous.TestColorApprovalAnalytics" name="test_color_approval_analytics_empty_database" time="0.075" /><testcase classname="tests.test_analytics_rigorous.TestColorApprovalAnalytics" name="test_color_approval_analytics_invalid_project" time="0.075" /><testcase classname="tests.test_analytics_rigorous.TestPMPerformanceAnalytics" name="test_pm_performance_requires_authentication" time="0.148" /><testcase classname="tests.test_analytics_rigorous.TestPMPerformanceAnalytics" name="test_pm_performance_requires_admin" time="0.221" /><testcase classname="tests.test_analytics_rigorous.TestPMPerformanceAnalytics" name="test_pm_performance_success_with_data" time="0.149" /><testcase classname="tests.test_analytics_rigorous.TestPMPerformanceAnalytics" name="test_pm_performance_empty_database" time="0.147" /><testcase classname="tests.test_analytics_rigorous.TestPMPerformanceAnalytics" name="test_pm_performance_multiple_pms" time="0.220" /><testcase classname="tests.test_analytics_rigorous.TestAnalyticsIntegration" name="test_all_analytics_endpoints_accessible" time="0.077" /><testcase classname="tests.test_automation_tasks" name="test_update_daily_weather_snapshots" time="0.774" /><testcase classname="tests.test_automation_tasks" name="test_alert_high_priority_touchups_threshold" time="0.096" /><testcase classname="tests.test_automation_tasks" name="test_alert_high_priority_touchups_below_threshold" time="0.002" /><testcase classname="tests.test_buttons_urls_connections.TestCriticalButtonsAndURLs" name="test_admin_dashboard_loads" time="0.083" /><testcase classname="tests.test_buttons_urls_connections.TestCriticalButtonsAndURLs" name="test_admin_panel_main_url_exists" time="0.074" /><testcase classname="tests.test_buttons_urls_connections.TestCriticalButtonsAndURLs" name="test_admin_panel_main_loads" time="0.080" /><testcase classname="tests.test_buttons_urls_connections.TestCriticalButtonsAndURLs" name="test_client_create_url" time="0.082" /><testcase classname="tests.test_buttons_urls_connections.TestCriticalButtonsAndURLs" name="test_project_create_url" time="0.082" /><testcase classname="tests.test_buttons_urls_connections.TestCriticalButtonsAndURLs" name="test_client_list_url" time="0.079" /><testcase classname="tests.test_buttons_urls_connections.TestCriticalButtonsAndURLs" name="test_project_list_url" time="0.079" /><testcase classname="tests.test_buttons_urls_connections.TestCriticalButtonsAndURLs" name="test_expense_create_url" time="0.077" /><testcase classname="tests.test_buttons_urls_connections.TestCriticalButtonsAndURLs" name="test_income_create_url" time="0.076" /><testcase classname="tests.test_buttons_urls_connections.TestCriticalButtonsAndURLs" name="test_changeorder_create_url" time="0.081" /><testcase classname="tests.test_buttons_urls_connections.TestCriticalButtonsAndURLs" name="test_dashboard_url" time="0.100" /><testcase classname="tests.test_buttons_urls_connections.TestCriticalButtonsAndURLs" name="test_employee_dashboard_url" time="0.076" /><testcase classname="tests.test_buttons_urls_connections.TestCriticalButtonsAndURLs" name="test_pm_dashboard_url" time="0.080" /><testcase classname="tests.test_buttons_urls_connections.TestCriticalButtonsAndURLs" name="test_client_dashboard_url" time="0.079" /><testcase classname="tests.test_buttons_urls_connections.TestCriticalButtonsAndURLs" name="test_expense_list_url" time="0.076" /><testcase classname="tests.test_buttons_urls_connections.TestCriticalButtonsAndURLs" name="test_income_list_url" time="0.076" /><testcase classname="tests.test_buttons_urls_connections.TestCriticalButtonsAndURLs" name="test_changeorder_board_url" time="0.081" /><testcase classname="tests.test_buttons_urls_connections.TestCriticalButtonsAndURLs" name="test_timeentry_list_url" time="0.073"><skipped type="pytest.skip" message="timeentry_list URL not defined">/Users/jesus/Documents/kibray/tests/test_buttons_urls_connections.py:160: timeentry_list URL not defined</skipped></testcase><testcase classname="tests.test_buttons_urls_connections.TestProjectWorkflowConnections" name="test_project_overview_url" time="0.083" /><testcase classname="tests.test_buttons_urls_connections.TestProjectWorkflowConnections" name="test_project_edit_url" time="0.078" /><testcase classname="tests.test_buttons_urls_connections.TestProjectWorkflowConnections" name="test_project_delete_url" time="0.074" /><testcase classname="tests.test_buttons_urls_connections.TestChangeOrderWorkflowConnections" name="test_changeorder_detail_url" time="0.082" /><testcase classname="tests.test_buttons_urls_connections.TestChangeOrderWorkflowConnections" name="test_changeorder_edit_url" time="0.078" /><testcase classname="tests.test_buttons_urls_connections.TestDailyPlanningConnections" name="test_daily_planning_dashboard_url" time="0.083" /><testcase classname="tests.test_buttons_urls_connections.TestDailyPlanningConnections" name="test_daily_plan_create_url" time="0.074"><skipped type="pytest.skip" message="daily_plan_create URL not defined">/Users/jesus/Documents/kibray/tests/test_buttons_urls_connections.py:273: daily_plan_create URL not defined</skipped></testcase><testcase classname="tests.test_chat_api" name="test_chat_channel_crud" time="0.079" /><testcase classname="tests.test_chat_api" name="test_channel_add_remove_participants" time="0.148" /><testcase classname="tests.test_chat_api" name="test_channel_access_restriction_by_project" time="0.147" /><testcase classname="tests.test_chat_api" name="test_chat_message_crud" time="0.081" /><testcase classname="tests.test_chat_api" name="test_mention_parsing_user" time="0.147" /><testcase classname="tests.test_chat_api" name="test_mention_parsing_entity_linking" time="0.075" /><testcase classname="tests.test_chat_api" name="test_mention_multiple_types" time="0.148" /><testcase classname="tests.test_chat_api" name="test_chat_message_with_image_attachment" time="0.108" /><testcase classname="tests.test_chat_api" name="test_chat_message_with_file_attachment" time="0.075" /><testcase classname="tests.test_chat_api" name="test_soft_delete_admin_only" time="0.149" /><testcase classname="tests.test_chat_api" name="test_soft_deleted_messages_hidden" time="0.078" /><testcase classname="tests.test_chat_api" name="test_my_mentions_endpoint" time="0.152" /><testcase classname="tests.test_chat_api" name="test_message_access_restriction_by_project" time="0.147" /><testcase classname="tests.test_chat_api" name="test_filter_messages_by_channel" time="0.078" /><testcase classname="tests.test_chat_api" name="test_filter_messages_by_user" time="0.149" /><testcase classname="tests.test_chat_api" name="test_mentions_serializer_includes_data" time="0.149" /><testcase classname="tests.test_chat_mentions_and_attachments" name="test_chat_mentions_create_notifications" time="0.147" /><testcase classname="tests.test_chat_mentions_and_attachments" name="test_chat_attachments_upload" time="0.148" /><testcase classname="tests.test_client_portal_restrictions" name="test_client_visibility_restricted_to_access" time="0.079" /><testcase classname="tests.test_client_portal_restrictions" name="test_staff_sees_all" time="0.078" /><testcase classname="tests.test_client_request_attachments_api" name="test_client_request_attachments_upload_and_list" time="0.079" /><testcase classname="tests.test_client_requests_api" name="test_client_request_crud_and_filters" time="0.082" /><testcase classname="tests.test_color_samples_approvals_api" name="test_color_sample_submit_and_approve" time="0.076" /><testcase classname="tests.test_color_samples_approvals_api" name="test_color_sample_reject_requires_reason" time="0.077" /><testcase classname="tests.test_color_samples_workflow" name="test_sample_number_auto_generation" time="0.076" /><testcase classname="tests.test_color_samples_workflow" name="test_sample_number_sequential" time="0.078" /><testcase classname="tests.test_color_samples_workflow" name="test_sample_number_unique_per_project" time="0.077" /><testcase classname="tests.test_color_samples_workflow" name="test_approve_color_sample" time="0.076" /><testcase classname="tests.test_color_samples_workflow" name="test_reject_color_sample_with_reason" time="0.076" /><testcase classname="tests.test_color_samples_workflow" name="test_reject_without_reason_fails" time="0.076" /><testcase classname="tests.test_color_samples_workflow" name="test_request_changes" time="0.075" /><testcase classname="tests.test_color_samples_workflow" name="test_cannot_approve_already_approved" time="0.075" /><testcase classname="tests.test_color_samples_workflow" name="test_cannot_reject_already_rejected" time="0.074" /><testcase classname="tests.test_color_samples_workflow" name="test_room_grouping" time="0.080" /><testcase classname="tests.test_color_samples_workflow" name="test_filter_by_status" time="0.076" /><testcase classname="tests.test_color_samples_workflow" name="test_search_by_name_or_code" time="0.077" /><testcase classname="tests.test_color_samples_workflow" name="test_non_staff_sees_only_accessible_projects" time="0.076" /><testcase classname="tests.test_color_samples_workflow" name="test_create_sample_with_metadata" time="0.076" /><testcase classname="tests.test_color_samples_workflow" name="test_update_sample_metadata" time="0.075" /><testcase classname="tests.test_color_samples_workflow" name="test_delete_sample" time="0.075" /><testcase classname="tests.test_color_samples_workflow" name="test_create_without_project_fails" time="0.073" /><testcase classname="tests.test_color_samples_workflow" name="test_pagination_enabled" time="0.082" /><testcase classname="tests.test_dailyplan_timezone" name="test_dailyplan_completion_deadline_normalized" time="0.073" /><testcase classname="tests.test_damage_reports_api" name="test_damage_report_create_add_photo_and_analytics" time="0.079" /><testcase classname="tests.test_damage_reports_workflow" name="test_create_damage_report" time="0.075" /><testcase classname="tests.test_damage_reports_workflow" name="test_list_damage_reports" time="0.076" /><testcase classname="tests.test_damage_reports_workflow" name="test_get_single_damage_report" time="0.077" /><testcase classname="tests.test_damage_reports_workflow" name="test_update_damage_report" time="0.076" /><testcase classname="tests.test_damage_reports_workflow" name="test_delete_damage_report" time="0.076" /><testcase classname="tests.test_damage_reports_workflow" name="test_add_photo_to_damage" time="0.077" /><testcase classname="tests.test_damage_reports_workflow" name="test_add_photo_without_image_fails" time="0.076" /><testcase classname="tests.test_damage_reports_workflow" name="test_assign_damage_to_user" time="0.148" /><testcase classname="tests.test_damage_reports_workflow" name="test_assign_without_user_id_fails" time="0.076" /><testcase classname="tests.test_damage_reports_workflow" name="test_assign_to_nonexistent_user_fails" time="0.075" /><testcase classname="tests.test_damage_reports_workflow" name="test_assess_damage" time="0.078" /><testcase classname="tests.test_damage_reports_workflow" name="test_assess_with_invalid_cost_fails" time="0.076" /><testcase classname="tests.test_damage_reports_workflow" name="test_approve_damage_as_staff" time="0.148" /><testcase classname="tests.test_damage_reports_workflow" name="test_approve_as_non_staff_fails" time="0.147" /><testcase classname="tests.test_damage_reports_workflow" name="test_approve_resolved_damage_fails" time="0.075" /><testcase classname="tests.test_damage_reports_workflow" name="test_start_work_on_damage" time="0.076" /><testcase classname="tests.test_damage_reports_workflow" name="test_start_work_on_resolved_fails" time="0.078" /><testcase classname="tests.test_damage_reports_workflow" name="test_resolve_damage" time="0.078" /><testcase classname="tests.test_damage_reports_workflow" name="test_resolve_already_resolved_fails" time="0.076" /><testcase classname="tests.test_damage_reports_workflow" name="test_convert_damage_to_change_order" time="0.076" /><testcase classname="tests.test_damage_reports_workflow" name="test_convert_without_title_uses_default" time="0.076" /><testcase classname="tests.test_damage_reports_workflow" name="test_convert_to_co_as_non_staff_fails" time="0.147" /><testcase classname="tests.test_damage_reports_workflow" name="test_convert_to_co_twice_fails" time="0.079" /><testcase classname="tests.test_damage_reports_workflow" name="test_filter_by_severity" time="0.077" /><testcase classname="tests.test_damage_reports_workflow" name="test_filter_by_status" time="0.110" /><testcase classname="tests.test_damage_reports_workflow" name="test_filter_by_assignee" time="0.149" /><testcase classname="tests.test_damage_reports_workflow" name="test_search_by_title" time="0.077" /><testcase classname="tests.test_damage_reports_workflow" name="test_damage_analytics" time="0.076" /><testcase classname="tests.test_damage_reports_workflow" name="test_complete_damage_lifecycle" time="0.158" /><testcase classname="tests.test_dashboards_api" name="test_client_dashboard_access" time="0.103" /><testcase classname="tests.test_floor_plans_pins_api" name="test_floor_plan_pins_filter_and_comment" time="0.080" /><testcase classname="tests.test_floor_plans_versioning" name="test_create_floor_plan" time="0.076" /><testcase classname="tests.test_floor_plans_versioning" name="test_list_floor_plans" time="0.078" /><testcase classname="tests.test_floor_plans_versioning" name="test_get_floor_plan_with_pins" time="0.078" /><testcase classname="tests.test_floor_plans_versioning" name="test_update_floor_plan" time="0.076" /><testcase classname="tests.test_floor_plans_versioning" name="test_delete_floor_plan" time="0.076" /><testcase classname="tests.test_floor_plans_versioning" name="test_create_new_version" time="0.078" /><testcase classname="tests.test_floor_plans_versioning" name="test_create_version_without_image_fails" time="0.075" /><testcase classname="tests.test_floor_plans_versioning" name="test_get_migratable_pins" time="0.080" /><testcase classname="tests.test_floor_plans_versioning" name="test_migrate_pins" time="0.082" /><testcase classname="tests.test_floor_plans_versioning" name="test_migrate_pins_without_mappings_fails" time="0.076" /><testcase classname="tests.test_floor_plans_versioning" name="test_create_pin" time="0.075" /><testcase classname="tests.test_floor_plans_versioning" name="test_update_pin" time="0.076" /><testcase classname="tests.test_floor_plans_versioning" name="test_delete_pin" time="0.076" /><testcase classname="tests.test_floor_plans_versioning" name="test_add_comment_to_pin" time="0.076" /><testcase classname="tests.test_floor_plans_versioning" name="test_add_multiple_comments" time="0.149" /><testcase classname="tests.test_floor_plans_versioning" name="test_comment_without_text_fails" time="0.076" /><testcase classname="tests.test_floor_plans_versioning" name="test_update_annotations" time="0.077" /><testcase classname="tests.test_floor_plans_versioning" name="test_update_annotations_without_attachment_id_fails" time="0.076" /><testcase classname="tests.test_floor_plans_versioning" name="test_filter_pins_by_type" time="0.077" /><testcase classname="tests.test_floor_plans_versioning" name="test_filter_pins_by_status" time="0.076" /><testcase classname="tests.test_floor_plans_versioning" name="test_non_staff_sees_only_accessible_plans" time="0.149" /><testcase classname="tests.test_floor_plans_versioning" name="test_non_staff_sees_only_accessible_pins" time="0.149" /><testcase classname="tests.test_i18n_changeorder_projects.TestChangeOrderBoardI18n" name="test_changeorder_board_spanish_labels" time="0.078" /><testcase classname="tests.test_i18n_changeorder_projects.TestChangeOrderBoardI18n" name="test_changeorder_board_english_labels" time="0.088" /><testcase classname="tests.test_i18n_changeorder_projects.TestChangeOrderBoardI18n" name="test_changeorder_status_labels_spanish" time="0.078" /><testcase classname="tests.test_i18n_changeorder_projects.TestChangeOrderBoardI18n" name="test_changeorder_status_labels_english" time="0.077" /><testcase classname="tests.test_i18n_changeorder_projects.TestProjectListI18n" name="test_project_list_spanish_headings" time="0.076" /><testcase classname="tests.test_i18n_changeorder_projects.TestProjectListI18n" name="test_project_list_english_headings" time="0.076" /><testcase classname="tests.test_i18n_changeorder_projects.TestProjectListI18n" name="test_project_list_empty_state_spanish" time="0.076" /><testcase classname="tests.test_i18n_changeorder_projects.TestProjectListI18n" name="test_project_list_empty_state_english" time="0.077" /><testcase classname="tests.test_i18n_changeorder_projects.TestProjectListI18n" name="test_project_list_with_data_labels" time="0.078" /><testcase classname="tests.test_i18n_views" name="test_dashboard_admin_translations" time="0.161" /><testcase classname="tests.test_i18n_views" name="test_damage_report_photos_pluralization" time="0.155" /><testcase classname="tests.test_integration_chat" name="test_chat_thread_integrity" time="0.151" /><testcase classname="tests.test_integration_chat" name="test_chat_attachment_metadata" time="0.075" /><testcase classname="tests.test_integration_client_requests" name="test_client_request_access_isolation" time="0.151" /><testcase classname="tests.test_integration_client_requests" name="test_client_request_status_transitions" time="0.078" /><testcase classname="tests.test_integration_material_requests" name="test_material_request_receive_flow_validation" time="0.078" /><testcase classname="tests.test_integration_material_requests" name="test_material_request_legacy_status_mapping" time="0.075" /><testcase classname="tests.test_inventory_core" name="test_inventory_item_avg_cost_calculation" time="0.001" /><testcase classname="tests.test_inventory_core" name="test_inventory_fifo_cost_calculation" time="0.073" /><testcase classname="tests.test_inventory_core" name="test_inventory_transfer_multi_location" time="0.074" /><testcase classname="tests.test_inventory_core" name="test_inventory_negative_prevention" time="0.073" /><testcase classname="tests.test_inventory_core" name="test_inventory_stock_adjustment" time="0.073" /><testcase classname="tests.test_inventory_core" name="test_low_stock_detection" time="0.001" /><testcase classname="tests.test_inventory_core" name="test_inventory_valuation_methods" time="0.001" /><testcase classname="tests.test_invoice_payment_unification" name="test_invoice_payment_unification" time="0.076" /><testcase classname="tests.test_js_i18n.TestJavaScriptI18n" name="test_javascript_catalog_endpoint_exists" time="0.079" /><testcase classname="tests.test_js_i18n.TestJavaScriptI18n" name="test_demo_page_loads" time="0.079" /><testcase classname="tests.test_js_i18n.TestJavaScriptI18n" name="test_demo_page_includes_gettext_calls" time="0.076" /><testcase classname="tests.test_js_i18n.TestJavaScriptI18n" name="test_javascript_catalog_respects_language[es]" time="0.076" /><testcase classname="tests.test_js_i18n.TestJavaScriptI18n" name="test_javascript_catalog_respects_language[en]" time="0.075" /><testcase classname="tests.test_material_request_compat" name="test_material_request_status_compat_layer" time="0.073" /><testcase classname="tests.test_material_request_compat" name="test_material_request_serializer_status_mapping" time="0.074" /><testcase classname="tests.test_material_request_compat" name="test_material_request_disallows_direct_submitted_bypass" time="0.073" /><testcase classname="tests.test_material_request_status_block" name="test_material_request_rejects_submitted" time="0.074" /><testcase classname="tests.test_material_request_status_block" name="test_material_request_allows_pending" time="0.073" /><testcase classname="tests.test_module11_tasks_api.TestModule11TaskAPI" name="test_add_and_remove_dependency" time="0.223" /><testcase classname="tests.test_module11_tasks_api.TestModule11TaskAPI" name="test_reopen_creates_status_change" time="0.223" /><testcase classname="tests.test_module11_tasks_api.TestModule11TaskAPI" name="test_start_and_stop_tracking" time="0.225" /><testcase classname="tests.test_module11_tasks_api.TestModule11TaskAPI" name="test_hours_summary" time="0.222" /><testcase classname="tests.test_module11_tasks_api.TestModule11TaskAPI" name="test_add_image_versioning" time="0.224" /><testcase classname="tests.test_module12_dailyplan_api.TestDailyPlanBasics" name="test_create_daily_plan_and_list" time="0.712" /><testcase classname="tests.test_module12_dailyplan_api.TestDailyPlanBasics" name="test_add_activity_to_plan" time="0.713" /><testcase classname="tests.test_module12_dailyplan_api.TestDailyPlanActions" name="test_fetch_weather" time="0.714" /><testcase classname="tests.test_module12_dailyplan_api.TestDailyPlanActions" name="test_convert_activities_to_tasks" time="0.724" /><testcase classname="tests.test_module12_dailyplan_api.TestDailyPlanActions" name="test_productivity_score" time="0.713" /><testcase classname="tests.test_module12_dailyplan_api.TestPlannedActivity" name="test_check_materials_sets_flags" time="0.721" /><testcase classname="tests.test_module13_time_tracking_api.TestTimeEntryAPI" name="test_create_time_entry_computes_hours" time="0.087" /><testcase classname="tests.test_module13_time_tracking_api.TestTimeEntryAPI" name="test_stop_action_sets_end_and_hours" time="0.076" /><testcase classname="tests.test_module13_time_tracking_api.TestTimeEntryAPI" name="test_summary_by_task" time="0.074" /><testcase classname="tests.test_module13_time_tracking_api.TestVarianceAndPlanRollup" name="test_planned_activity_variance_via_converted_task" time="0.076" /><testcase classname="tests.test_module13_time_tracking_api.TestVarianceAndPlanRollup" name="test_daily_plan_recompute_actual_hours" time="0.078" /><testcase classname="tests.test_module14_materials_api" name="test_inventory_item_sku_unique" time="0.074" /><testcase classname="tests.test_module14_materials_api" name="test_material_request_flow_receive_partial_and_full" time="0.093" /><testcase classname="tests.test_module14_materials_api" name="test_direct_purchase_expense_creates_inventory" time="0.078" /><testcase classname="tests.test_module14_materials_api" name="test_catalog_create_and_filter" time="0.077" /><testcase classname="tests.test_module14_materials_api" name="test_inventory_negative_issue_prevented" time="0.077" /><testcase classname="tests.test_module15_inventory_api.TestInventoryMovements" name="test_receive_increases_stock_and_updates_avg_cost" time="0.002" /><testcase classname="tests.test_module15_inventory_api.TestInventoryMovements" name="test_issue_decreases_stock_and_prevents_negative" time="0.002" /><testcase classname="tests.test_module15_inventory_api.TestInventoryMovements" name="test_transfer_moves_between_locations" time="0.002" /><testcase classname="tests.test_module15_inventory_api.TestInventoryMovements" name="test_adjust_never_goes_negative" time="0.002" /><testcase classname="tests.test_module15_inventory_api.TestInventoryMovements" name="test_low_stock_alert_on_issue" time="0.002" /><testcase classname="tests.test_module15_inventory_api.TestInventoryMovements" name="test_idempotent_apply" time="0.001" /><testcase classname="tests.test_module15_inventory_api.TestInventoryAPILists" name="test_list_endpoints" time="0.079" /><testcase classname="tests.test_module15_inventory_expense_integration" name="test_receive_with_expense_links_and_cost" time="0.002" /><testcase classname="tests.test_module16_payroll_api.TestPayrollAPI" name="test_period_approve_and_record_payment" time="0.084" /><testcase classname="tests.test_module24_dashboards_api.TestDashboardsAPI" name="test_invoice_dashboard" time="0.076" /><testcase classname="tests.test_module24_dashboards_api.TestDashboardsAPI" name="test_materials_dashboard" time="0.076" /><testcase classname="tests.test_module24_dashboards_api.TestFinancialDashboard" name="test_project_financial_kpis" time="0.076" /><testcase classname="tests.test_module24_dashboards_api.TestFinancialDashboard" name="test_financial_dashboard_date_filters" time="0.076" /><testcase classname="tests.test_module24_dashboards_api.TestPayrollDashboard" name="test_payroll_overview" time="0.077" /><testcase classname="tests.test_module24_dashboards_api.TestInvoiceTrends" name="test_monthly_trends" time="0.078" /><testcase classname="tests.test_module24_dashboards_api.TestInvoiceTrends" name="test_aging_report" time="0.078" /><testcase classname="tests.test_module24_dashboards_api.TestMaterialsUsageAnalytics" name="test_top_consumed_items" time="0.076" /><testcase classname="tests.test_module24_dashboards_api.TestMaterialsUsageAnalytics" name="test_consumption_by_project" time="0.076" /><testcase classname="tests.test_module24_dashboards_api.TestMaterialsUsageAnalytics" name="test_stock_turnover" time="0.076" /><testcase classname="tests.test_module24_dashboards_api.TestMaterialsUsageAnalytics" name="test_reorder_suggestions" time="0.076" /><testcase classname="tests.test_module24_dashboards_api.TestAdminDashboard" name="test_company_wide_metrics" time="0.078" /><testcase classname="tests.test_module24_dashboards_api.TestAdminDashboard" name="test_financial_health_score_calculation" time="0.076" /><testcase classname="tests.test_module24_dashboards_api.TestAdminDashboard" name="test_recent_activity_feed" time="0.077" /><testcase classname="tests.test_module28_touchups_api" name="test_cannot_complete_touchup_without_photo" time="0.076" /><testcase classname="tests.test_module28_touchups_api" name="test_complete_touchup_after_photo" time="0.080" /><testcase classname="tests.test_module28_touchups_board_api.TestTouchupBoardAPI" name="test_board_grouping_and_project_filter" time="0.101" /><testcase classname="tests.test_module28_touchups_board_api.TestTouchupBoardAPI" name="test_board_assigned_to_me_filter" time="0.087" /><testcase classname="tests.test_module29_tasktemplate_api.TestTaskTemplateFuzzySearch" name="test_fuzzy_search_by_title" time="0.084" /><testcase classname="tests.test_module29_tasktemplate_api.TestTaskTemplateFuzzySearch" name="test_fuzzy_search_by_description" time="0.077" /><testcase classname="tests.test_module29_tasktemplate_api.TestTaskTemplateFuzzySearch" name="test_fuzzy_search_minimum_length" time="0.076" /><testcase classname="tests.test_module29_tasktemplate_api.TestTaskTemplateFuzzySearch" name="test_fuzzy_search_limit" time="0.077" /><testcase classname="tests.test_module29_tasktemplate_api.TestTaskTemplateFiltering" name="test_filter_by_category" time="0.077" /><testcase classname="tests.test_module29_tasktemplate_api.TestTaskTemplateFiltering" name="test_filter_by_tags" time="0.078" /><testcase classname="tests.test_module29_tasktemplate_api.TestTaskTemplateFiltering" name="test_filter_by_multiple_tags" time="0.077" /><testcase classname="tests.test_module29_tasktemplate_api.TestTaskTemplateFiltering" name="test_filter_by_favorites" time="0.087" /><testcase classname="tests.test_module29_tasktemplate_api.TestTaskTemplateFiltering" name="test_filter_by_has_sop" time="0.097" /><testcase classname="tests.test_module29_tasktemplate_api.TestTaskTemplateSorting" name="test_default_ordering_by_usage" time="0.079" /><testcase classname="tests.test_module29_tasktemplate_api.TestTaskTemplateSorting" name="test_order_by_last_used" time="0.080" /><testcase classname="tests.test_module29_tasktemplate_api.TestTaskTemplateUsageTracking" name="test_create_task_increments_usage" time="0.081" /><testcase classname="tests.test_module29_tasktemplate_api.TestTaskTemplateFavorites" name="test_toggle_favorite" time="0.116" /><testcase classname="tests.test_module29_tasktemplate_api.TestTaskTemplateBulkImport" name="test_bulk_import_json" time="0.077" /><testcase classname="tests.test_module29_tasktemplate_api.TestTaskTemplateBulkImport" name="test_bulk_import_validation_errors" time="0.077" /><testcase classname="tests.test_module29_tasktemplate_api.TestTaskTemplateSerializer" name="test_serializer_includes_category" time="0.077" /><testcase classname="tests.test_module29_tasktemplate_api.TestTaskTemplateSerializer" name="test_serializer_includes_usage_stats" time="0.112" /><testcase classname="tests.test_module29_tasktemplate_api.TestTaskTemplateSerializer" name="test_serializer_includes_favorite" time="0.075" /><testcase classname="tests.test_module29_tasktemplate_api.TestTaskTemplateSerializer" name="test_serializer_includes_sop" time="0.075" /><testcase classname="tests.test_module6_invoices_api.TestInvoiceAPI" name="test_create_invoice_with_lines_and_totals" time="0.078" /><testcase classname="tests.test_module6_invoices_api.TestInvoiceAPI" name="test_mark_sent_and_approved" time="0.080" /><testcase classname="tests.test_module6_invoices_api.TestInvoiceAPI" name="test_record_payment_partial_and_paid" time="0.082" /><testcase classname="tests.test_module6_invoices_api.TestInvoiceAPI" name="test_filter_invoices_by_project_and_status" time="0.080" /><testcase classname="tests.test_module6_invoices_overdue_task.TestInvoiceOverdueTask" name="test_marks_past_due_invoices_as_overdue" time="0.005" /><testcase classname="tests.test_module6_invoices_overdue_task.TestInvoiceOverdueTask" name="test_does_not_touch_not_due_or_paid" time="0.002" /><testcase classname="tests.test_module_11_signals.TestTaskStatusChangeSignal" name="test_status_change_creates_history" time="0.078" /><testcase classname="tests.test_module_11_signals.TestTaskStatusChangeSignal" name="test_multiple_status_changes" time="0.079" /><testcase classname="tests.test_module_11_signals.TestTaskStatusChangeSignal" name="test_no_change_no_record" time="0.078" /><testcase classname="tests.test_module_11_signals.TestTaskStatusNotifications" name="test_notify_creator_on_status_change" time="0.152" /><testcase classname="tests.test_module_11_signals.TestTaskStatusNotifications" name="test_notify_pm_on_status_change" time="0.153" /><testcase classname="tests.test_module_11_signals.TestTaskStatusNotifications" name="test_no_self_notification" time="0.078" /><testcase classname="tests.test_module_11_signals.TestTaskImageVersioningSignal" name="test_new_image_marks_others_not_current" time="0.078" /><testcase classname="tests.test_module_11_signals.TestTaskImageVersioningSignal" name="test_multiple_images_only_latest_current" time="0.080" /><testcase classname="tests.test_module_11_signals.TestTimeTrackingAutoStatus" name="test_start_tracking_changes_status" time="0.080" /><testcase classname="tests.test_module_11_signals.TestTimeTrackingAutoStatus" name="test_already_in_progress_no_duplicate_change" time="0.076" /><testcase classname="tests.test_module_11_tasks.TestTaskCRUD" name="test_create_task_minimal" time="0.074" /><testcase classname="tests.test_module_11_tasks.TestTaskCRUD" name="test_create_task_full" time="0.074" /><testcase classname="tests.test_module_11_tasks.TestTaskCRUD" name="test_read_task" time="0.074" /><testcase classname="tests.test_module_11_tasks.TestTaskCRUD" name="test_update_task" time="0.075" /><testcase classname="tests.test_module_11_tasks.TestTaskCRUD" name="test_delete_task" time="0.075" /><testcase classname="tests.test_module_11_tasks.TestTaskPriorities" name="test_priority_choices" time="0.074" /><testcase classname="tests.test_module_11_tasks.TestTaskPriorities" name="test_default_priority" time="0.074" /><testcase classname="tests.test_module_11_tasks.TestTaskPriorities" name="test_filter_by_priority" time="0.074" /><testcase classname="tests.test_module_11_tasks.TestTaskDependencies" name="test_add_dependency" time="0.074" /><testcase classname="tests.test_module_11_tasks.TestTaskDependencies" name="test_can_start_with_completed_dependencies" time="0.074" /><testcase classname="tests.test_module_11_tasks.TestTaskDependencies" name="test_cannot_start_with_pending_dependencies" time="0.073" /><testcase classname="tests.test_module_11_tasks.TestTaskDependencies" name="test_multiple_dependencies" time="0.076" /><testcase classname="tests.test_module_11_tasks.TestTaskDueDate" name="test_task_without_due_date" time="0.074" /><testcase classname="tests.test_module_11_tasks.TestTaskDueDate" name="test_task_with_due_date" time="0.075" /><testcase classname="tests.test_module_11_tasks.TestTaskDueDate" name="test_filter_overdue_tasks" time="0.074" /><testcase classname="tests.test_module_11_tasks.TestTaskTimeTracking" name="test_start_tracking" time="0.075" /><testcase classname="tests.test_module_11_tasks.TestTaskTimeTracking" name="test_cannot_start_tracking_twice" time="0.075" /><testcase classname="tests.test_module_11_tasks.TestTaskTimeTracking" name="test_stop_tracking" time="1.083" /><testcase classname="tests.test_module_11_tasks.TestTaskTimeTracking" name="test_multiple_tracking_sessions" time="2.112" /><testcase classname="tests.test_module_11_tasks.TestTaskTimeTracking" name="test_get_time_tracked_hours" time="0.099" /><testcase classname="tests.test_module_11_tasks.TestTaskTimeTracking" name="test_touchup_no_tracking" time="0.073" /><testcase classname="tests.test_module_11_tasks.TestTouchUpSeparation" name="test_create_regular_task" time="0.073" /><testcase classname="tests.test_module_11_tasks.TestTouchUpSeparation" name="test_create_touchup_task" time="0.073" /><testcase classname="tests.test_module_11_tasks.TestTouchUpSeparation" name="test_filter_touchups" time="0.074" /><testcase classname="tests.test_module_11_tasks.TestTaskStatusChanges" name="test_status_change_creates_history" time="0.076" /><testcase classname="tests.test_module_11_tasks.TestTaskStatusChanges" name="test_reopen_completed_task" time="0.077" /><testcase classname="tests.test_module_11_tasks.TestTaskImageVersioning" name="test_upload_first_image" time="0.073" /><testcase classname="tests.test_module_11_tasks.TestTaskImageVersioning" name="test_upload_new_version" time="0.075" /><testcase classname="tests.test_module_11_tasks.TestTaskImageVersioning" name="test_get_all_versions" time="0.076" /><testcase classname="tests.test_module_11_tasks.TestTaskPermissions" name="test_admin_can_delete" time="0.075" /><testcase classname="tests.test_module_11_tasks.TestTaskPermissions" name="test_pm_can_delete" time="0.074" /><testcase classname="tests.test_module_11_tasks.TestTaskPermissions" name="test_client_cannot_assign" time="0.074" /><testcase classname="tests.test_module_11_tasks.TestClientRequests" name="test_create_client_request" time="0.073" /><testcase classname="tests.test_module_11_tasks.TestClientRequests" name="test_client_cancel_request" time="0.075" /><testcase classname="tests.test_module_11_tasks.TestTaskIntegration" name="test_task_with_schedule_item" time="0.074" /><testcase classname="tests.test_module_11_tasks.TestTaskIntegration" name="test_task_without_schedule" time="0.073" /><testcase classname="tests.test_module_11_tasks.TestTaskEdgeCases" name="test_circular_dependency_prevention" time="0.074" /><testcase classname="tests.test_module_11_tasks.TestTaskEdgeCases" name="test_empty_title_validation" time="0.073" /><testcase classname="tests.test_module_11_tasks.TestTaskEdgeCases" name="test_task_string_representation" time="0.073" /><testcase classname="tests.test_module_12_daily_plans.TestDailyPlanWorkflow" name="test_initial_status_is_draft" time="0.073" /><testcase classname="tests.test_module_12_daily_plans.TestDailyPlanWorkflow" name="test_transition_draft_to_published" time="0.074" /><testcase classname="tests.test_module_12_daily_plans.TestDailyPlanWorkflow" name="test_transition_published_to_in_progress" time="0.073" /><testcase classname="tests.test_module_12_daily_plans.TestDailyPlanWorkflow" name="test_transition_in_progress_to_completed" time="0.074" /><testcase classname="tests.test_module_12_daily_plans.TestDailyPlanWorkflow" name="test_is_overdue_when_past_deadline_and_draft" time="0.073" /><testcase classname="tests.test_module_12_daily_plans.TestDailyPlanWorkflow" name="test_is_not_overdue_when_published" time="0.074" /><testcase classname="tests.test_module_12_daily_plans.TestActivityToTaskConversion" name="test_convert_single_activity_to_task" time="0.075" /><testcase classname="tests.test_module_12_daily_plans.TestActivityToTaskConversion" name="test_convert_multiple_activities" time="0.074" /><testcase classname="tests.test_module_12_daily_plans.TestActivityToTaskConversion" name="test_skip_completed_activities" time="0.075" /><testcase classname="tests.test_module_12_daily_plans.TestActivityToTaskConversion" name="test_convert_activity_with_employee_assignment" time="0.076" /><testcase classname="tests.test_module_12_daily_plans.TestActivityToTaskConversion" name="test_convert_activity_with_schedule_link" time="0.075" /><testcase classname="tests.test_module_12_daily_plans.TestProductivityTracking" name="test_productivity_score_perfect_match" time="0.074" /><testcase classname="tests.test_module_12_daily_plans.TestProductivityTracking" name="test_productivity_score_more_efficient" time="0.073" /><testcase classname="tests.test_module_12_daily_plans.TestProductivityTracking" name="test_productivity_score_less_efficient" time="0.073" /><testcase classname="tests.test_module_12_daily_plans.TestProductivityTracking" name="test_productivity_score_null_when_no_data" time="0.074" /><testcase classname="tests.test_module_12_daily_plans.TestProductivityTracking" name="test_productivity_score_with_zero_actual_hours" time="0.073" /><testcase classname="tests.test_module_12_daily_plans.TestMaterialConsumption" name="test_auto_consume_materials_basic" time="0.074" /><testcase classname="tests.test_module_12_daily_plans.TestMaterialConsumption" name="test_auto_consume_multiple_materials" time="0.074" /><testcase classname="tests.test_module_12_daily_plans.TestMaterialConsumption" name="test_auto_consume_skips_nonexistent_materials" time="0.074" /><testcase classname="tests.test_module_12_daily_plans.TestMaterialConsumption" name="test_auto_consume_without_location" time="0.073" /><testcase classname="tests.test_module_12_daily_plans.TestPlannedActivityTracking" name="test_activity_time_variance_under_budget" time="0.073" /><testcase classname="tests.test_module_12_daily_plans.TestPlannedActivityTracking" name="test_activity_time_variance_over_budget" time="0.073" /><testcase classname="tests.test_module_12_daily_plans.TestPlannedActivityTracking" name="test_activity_time_variance_null_when_no_data" time="0.073" /><testcase classname="tests.test_module_29_activity_templates.TestActivityTemplateSearch" name="test_search_by_name" time="0.073" /><testcase classname="tests.test_module_29_activity_templates.TestActivityTemplateSearch" name="test_search_by_description" time="0.073" /><testcase classname="tests.test_module_29_activity_templates.TestActivityTemplateSearch" name="test_search_by_tips" time="0.074" /><testcase classname="tests.test_module_29_activity_templates.TestActivityTemplateSearch" name="test_search_with_category_filter" time="0.073" /><testcase classname="tests.test_module_29_activity_templates.TestActivityTemplateSearch" name="test_search_excludes_inactive" time="0.073" /><testcase classname="tests.test_module_29_activity_templates.TestActivityTemplateSearch" name="test_search_case_insensitive" time="0.074" /><testcase classname="tests.test_module_29_activity_templates.TestActivityTemplateVersioning" name="test_default_version_is_one" time="0.073" /><testcase classname="tests.test_module_29_activity_templates.TestActivityTemplateVersioning" name="test_create_new_version" time="0.144" /><testcase classname="tests.test_module_29_activity_templates.TestActivityTemplateVersioning" name="test_version_copies_all_fields" time="0.073" /><testcase classname="tests.test_module_29_activity_templates.TestActivityTemplateVersioning" name="test_multiple_versions" time="0.073" /><testcase classname="tests.test_module_29_activity_templates.TestActivityTemplateVersioning" name="test_search_returns_only_latest_versions" time="0.074" /><testcase classname="tests.test_module_29_activity_templates.TestActivityTemplateFactories" name="test_create_prep_template" time="0.073" /><testcase classname="tests.test_module_29_activity_templates.TestActivityTemplateFactories" name="test_create_paint_template" time="0.073" /><testcase classname="tests.test_module_29_activity_templates.TestActivityTemplateFactories" name="test_create_cleanup_template" time="0.073" /><testcase classname="tests.test_module_29_activity_templates.TestActivityTemplateFactories" name="test_factory_allows_overrides" time="0.074" /><testcase classname="tests.test_module_29_activity_templates.TestActivityTemplateFactories" name="test_factory_creates_searchable_templates" time="0.074" /><testcase classname="tests.test_module_29_activity_templates.TestActivityTemplateFactories" name="test_factory_templates_start_at_version_one" time="0.073" /><testcase classname="tests.test_module_29_activity_templates.TestActivityTemplateIntegration" name="test_search_factory_and_version_workflow" time="0.146" /><testcase classname="tests.test_module_29_activity_templates.TestActivityTemplateIntegration" name="test_string_representation_with_version" time="0.073" /><testcase classname="tests.test_module_30_weather.TestMockWeatherProvider" name="test_mock_provider_returns_data" time="0.000" /><testcase classname="tests.test_module_30_weather.TestMockWeatherProvider" name="test_mock_provider_data_types" time="0.000" /><testcase classname="tests.test_module_30_weather.TestMockWeatherProvider" name="test_mock_provider_accepts_date_parameter" time="0.000" /><testcase classname="tests.test_module_30_weather.TestOpenWeatherMapProvider" name="test_provider_requires_api_key" time="0.000" /><testcase classname="tests.test_module_30_weather.TestOpenWeatherMapProvider" name="test_provider_with_api_key_returns_data" time="0.000" /><testcase classname="tests.test_module_30_weather.TestOpenWeatherMapProvider" name="test_provider_data_structure" time="0.000" /><testcase classname="tests.test_module_30_weather.TestWeatherService" name="test_service_is_singleton" time="0.000" /><testcase classname="tests.test_module_30_weather.TestWeatherService" name="test_service_has_default_provider" time="0.000" /><testcase classname="tests.test_module_30_weather.TestWeatherService" name="test_service_can_change_provider" time="0.000" /><testcase classname="tests.test_module_30_weather.TestWeatherService" name="test_service_get_weather_delegates_to_provider" time="0.000" /><testcase classname="tests.test_module_30_weather.TestWeatherService" name="test_configure_for_testing" time="0.000" /><testcase classname="tests.test_module_30_weather.TestWeatherService" name="test_global_instance_exists" time="0.000" /><testcase classname="tests.test_module_30_weather.TestWeatherServiceIntegration" name="test_daily_plan_fetch_weather" time="0.687" /><testcase classname="tests.test_module_30_weather.TestWeatherServiceIntegration" name="test_daily_plan_weather_without_address" time="0.102" /><testcase classname="tests.test_module_30_weather.TestWeatherServiceIntegration" name="test_weather_data_persisted_to_database" time="0.686" /><testcase classname="tests.test_module_30_weather.TestWeatherProviderAbstraction" name="test_custom_provider_implementation" time="0.001" /><testcase classname="tests.test_module_30_weather.TestWeatherProviderAbstraction" name="test_provider_interface_enforcement" time="0.001" /><testcase classname="tests.test_notification_api_rigorous.TestNotificationAPIAuthentication" name="test_notification_list_requires_authentication" time="0.003" /><testcase classname="tests.test_notification_api_rigorous.TestNotificationAPIAuthentication" name="test_count_unread_requires_authentication" time="0.002" /><testcase classname="tests.test_notification_api_rigorous.TestNotificationAPIAuthentication" name="test_mark_read_requires_authentication" time="0.002" /><testcase classname="tests.test_notification_api_rigorous.TestNotificationAPIAuthentication" name="test_mark_all_read_requires_authentication" time="0.003" /><testcase classname="tests.test_notification_api_rigorous.TestNotificationAPIFunctionality" name="test_notification_list_success" time="0.094" /><testcase classname="tests.test_notification_api_rigorous.TestNotificationAPIFunctionality" name="test_notification_list_isolated_by_user" time="0.145" /><testcase classname="tests.test_notification_api_rigorous.TestNotificationAPIFunctionality" name="test_count_unread_success" time="0.073" /><testcase classname="tests.test_notification_api_rigorous.TestNotificationAPIFunctionality" name="test_count_unread_empty" time="0.073" /><testcase classname="tests.test_notification_api_rigorous.TestNotificationAPIFunctionality" name="test_mark_read_success" time="0.074" /><testcase classname="tests.test_notification_api_rigorous.TestNotificationAPIFunctionality" name="test_mark_read_invalid_notification" time="0.073" /><testcase classname="tests.test_notification_api_rigorous.TestNotificationAPIFunctionality" name="test_mark_all_read_success" time="0.074" /><testcase classname="tests.test_notification_api_rigorous.TestNotificationAPIFunctionality" name="test_mark_all_read_empty_database" time="0.074" /><testcase classname="tests.test_notification_api_rigorous.TestNotificationDataValidation" name="test_notification_with_related_object" time="0.075" /><testcase classname="tests.test_notification_api_rigorous.TestNotificationDataValidation" name="test_notification_types" time="0.074" /><testcase classname="tests.test_notification_api_rigorous.TestNotificationDataValidation" name="test_notification_ordering" time="0.112" /><testcase classname="tests.test_notification_api_rigorous.TestNotificationIntegration" name="test_all_notification_endpoints_accessible" time="0.077" /><testcase classname="tests.test_notification_api_rigorous.TestNotificationIntegration" name="test_notification_isolation_between_users" time="0.147" /><testcase classname="tests.test_performance_queries" name="test_project_budget_overview_query_count" time="0.082" /><testcase classname="tests.test_performance_queries" name="test_invoice_list_query_count" time="0.079" /><testcase classname="tests.test_phase1_api.TestDailyLogPlanningAPI" name="test_list_daily_logs" time="0.076" /><testcase classname="tests.test_phase1_api.TestDailyLogPlanningAPI" name="test_create_daily_log" time="0.076" /><testcase classname="tests.test_phase1_api.TestDailyLogPlanningAPI" name="test_instantiate_templates" time="0.077" /><testcase classname="tests.test_phase1_api.TestDailyLogPlanningAPI" name="test_evaluate_completion" time="0.076" /><testcase classname="tests.test_phase1_api.TestDailyLogPlanningAPI" name="test_get_weather" time="0.076" /><testcase classname="tests.test_phase1_api.TestTaskTemplateAPI" name="test_list_task_templates" time="0.074" /><testcase classname="tests.test_phase1_api.TestTaskTemplateAPI" name="test_create_task_template" time="0.074" /><testcase classname="tests.test_phase1_api.TestTaskTemplateAPI" name="test_search_task_templates" time="0.074" /><testcase classname="tests.test_phase1_api.TestTaskTemplateAPI" name="test_create_task_from_template" time="0.077" /><testcase classname="tests.test_phase1_api.TestWeatherSnapshotAPI" name="test_list_weather_snapshots" time="0.075" /><testcase classname="tests.test_phase1_api.TestWeatherSnapshotAPI" name="test_filter_by_project" time="0.076" /><testcase classname="tests.test_phase1_api.TestWeatherSnapshotAPI" name="test_by_project_date" time="0.074" /><testcase classname="tests.test_phase1_api.TestWeatherSnapshotAPI" name="test_by_project_date_not_found" time="0.074" /><testcase classname="tests.test_phase1_api.TestAPIAuthentication" name="test_unauthenticated_access_denied" time="0.001" /><testcase classname="tests.test_phase1_api.TestAPIAuthentication" name="test_authenticated_access_allowed" time="0.074" /><testcase classname="tests.test_phase1_features.TestTaskReopen" name="test_reopen_completed_task" time="0.075" /><testcase classname="tests.test_phase1_features.TestTaskReopen" name="test_reopen_non_completed_task_fails" time="0.074" /><testcase classname="tests.test_phase1_features.TestTaskReopen" name="test_reopen_without_user" time="0.075" /><testcase classname="tests.test_phase1_features.TestDailyLogPlanning" name="test_instantiate_planned_templates" time="0.075" /><testcase classname="tests.test_phase1_features.TestDailyLogPlanning" name="test_instantiate_idempotent" time="0.075" /><testcase classname="tests.test_phase1_features.TestDailyLogPlanning" name="test_evaluate_completion_all_completed" time="0.074" /><testcase classname="tests.test_phase1_features.TestDailyLogPlanning" name="test_evaluate_completion_partial" time="0.078" /><testcase classname="tests.test_phase1_features.TestDailyLogPlanning" name="test_evaluate_completion_no_tasks" time="0.077" /><testcase classname="tests.test_phase1_features.TestWeatherSnapshot" name="test_create_weather_snapshot" time="0.001" /><testcase classname="tests.test_phase1_features.TestWeatherSnapshot" name="test_is_stale_fresh_snapshot" time="0.001" /><testcase classname="tests.test_phase1_features.TestWeatherSnapshot" name="test_is_stale_old_snapshot" time="0.001" /><testcase classname="tests.test_phase1_features.TestWeatherSnapshot" name="test_unique_constraint" time="0.001" /><testcase classname="tests.test_phase1_features.TestWeatherServiceIntegration" name="test_get_or_create_snapshot_creates_new" time="0.002" /><testcase classname="tests.test_phase1_features.TestWeatherServiceIntegration" name="test_get_or_create_snapshot_uses_cache" time="0.001" /><testcase classname="tests.test_phase1_features.TestTaskTemplate" name="test_create_task_from_template" time="0.075" /><testcase classname="tests.test_phase1_features.TestTaskTemplate" name="test_create_task_with_overrides" time="0.076" /><testcase classname="tests.test_pin_detail_ajax" name="test_pin_detail_ajax_json_structure" time="0.152" /><testcase classname="tests.test_project_assignments_and_color_approvals" name="test_pm_assignment_creates_notification" time="0.147" /><testcase classname="tests.test_project_assignments_and_color_approvals" name="test_color_approval_approve_and_reject_flow" time="0.150" /><testcase classname="tests.test_reports_api" name="test_project_cost_summary_requires_auth" time="0.001" /><testcase classname="tests.test_reports_api" name="test_project_cost_summary_renders_csv" time="0.149" /><testcase classname="tests.test_reports_api" name="test_project_cost_summary_nonexistent_project" time="0.147" /><testcase classname="tests.test_reports_api" name="test_project_cost_summary_method_not_allowed" time="0.148" /><testcase classname="tests.test_security.TestPermissionMatrix" name="test_create_permission_matrix" time="0.074" /><testcase classname="tests.test_security.TestPermissionMatrix" name="test_permission_is_active_current" time="0.073" /><testcase classname="tests.test_security.TestPermissionMatrix" name="test_permission_not_active_expired" time="0.073" /><testcase classname="tests.test_security.TestPermissionMatrix" name="test_permission_not_active_future" time="0.072" /><testcase classname="tests.test_security.TestPermissionMatrix" name="test_permission_api_my_permissions" time="0.074" /><testcase classname="tests.test_security.TestPermissionMatrix" name="test_permission_api_check_permission" time="0.074" /><testcase classname="tests.test_security.TestAuditLog" name="test_create_audit_log_entry" time="0.073" /><testcase classname="tests.test_security.TestAuditLog" name="test_audit_log_change_tracking" time="0.072" /><testcase classname="tests.test_security.TestAuditLog" name="test_audit_log_helper_function" time="0.073" /><testcase classname="tests.test_security.TestAuditLog" name="test_audit_log_api_recent_activity" time="0.076" /><testcase classname="tests.test_security.TestAuditLog" name="test_audit_log_api_entity_history" time="0.075" /><testcase classname="tests.test_security.TestLoginAttempt" name="test_log_successful_login" time="0.001" /><testcase classname="tests.test_security.TestLoginAttempt" name="test_log_failed_login" time="0.000" /><testcase classname="tests.test_security.TestLoginAttempt" name="test_rate_limit_not_exceeded" time="0.001" /><testcase classname="tests.test_security.TestLoginAttempt" name="test_rate_limit_exceeded" time="0.001" /><testcase classname="tests.test_security.TestLoginAttempt" name="test_rate_limit_window_expires" time="0.001" /><testcase classname="tests.test_security.TestLoginAttempt" name="test_login_attempt_api_recent_failures" time="0.074" /><testcase classname="tests.test_security.TestLoginAttempt" name="test_login_attempt_api_suspicious_activity_admin_only" time="0.146" /><testcase classname="tests.test_security.TestPermissionIntegration" name="test_permission_scoped_to_project" time="0.075" /><testcase classname="tests.test_security_2fa_api.Test2FATOTPAPI" name="test_setup_enable_and_login_with_otp" time="0.228" /><testcase classname="tests.test_security_2fa_api.Test2FATOTPAPI" name="test_login_without_2fa_still_works" time="0.145" /><testcase classname="tests.test_security_single_session" name="test_single_active_session_enforced" time="0.221" /><testcase classname="tests.test_send_notification_digest" name="test_send_notification_digest_dry_run" time="0.080" /><testcase classname="tests.test_signatures_api" name="test_signatures_list_empty" time="0.001" /><testcase classname="tests.test_signatures_api" name="test_signature_create_requires_auth" time="0.001" /><testcase classname="tests.test_signatures_api" name="test_signature_create_and_retrieve" time="0.149" /><testcase classname="tests.test_signatures_api" name="test_signature_update_restricted_to_owner" time="0.292" /><testcase classname="tests.test_signatures_api" name="test_signature_delete_restricted_to_owner" time="0.366" /><testcase classname="tests.test_site_photos_api" name="test_site_photo_upload_with_gps_and_link" time="0.077" /><testcase classname="tests.test_site_photos_api" name="test_site_photos_list_filter_by_project" time="0.077" /><testcase classname="tests.test_site_photos_gallery" name="test_site_photo_upload_basic" time="0.082" /><testcase classname="tests.test_site_photos_gallery" name="test_site_photo_upload_with_gps" time="0.076" /><testcase classname="tests.test_site_photos_gallery" name="test_site_photo_link_to_damage_report" time="0.077" /><testcase classname="tests.test_site_photos_gallery" name="test_site_photo_update_metadata" time="0.077" /><testcase classname="tests.test_site_photos_gallery" name="test_site_photo_delete" time="0.078" /><testcase classname="tests.test_site_photos_gallery" name="test_filter_by_project" time="0.084" /><testcase classname="tests.test_site_photos_gallery" name="test_filter_by_photo_type" time="0.083" /><testcase classname="tests.test_site_photos_gallery" name="test_filter_by_date_range" time="0.077" /><testcase classname="tests.test_site_photos_gallery" name="test_search_by_caption" time="0.079" /><testcase classname="tests.test_site_photos_gallery" name="test_gallery_action" time="0.087" /><testcase classname="tests.test_site_photos_gallery" name="test_non_staff_sees_only_accessible_projects" time="0.078" /><testcase classname="tests.test_site_photos_gallery" name="test_non_staff_sees_only_public_photos" time="0.077" /><testcase classname="tests.test_site_photos_gallery" name="test_staff_sees_all_photos" time="0.077" /><testcase classname="tests.test_site_photos_gallery" name="test_pagination_enabled" time="0.157" /><testcase classname="tests.test_site_photos_gallery" name="test_thumbnail_auto_generation" time="0.075" /><testcase classname="tests.test_site_photos_gallery" name="test_upload_without_project_fails" time="0.074" /><testcase classname="tests.test_site_photos_gallery" name="test_invalid_gps_coordinates" time="0.075" /><testcase classname="tests.test_task_api" name="test_task_create_with_dependencies_and_priority_due_date" time="0.078" /><testcase classname="tests.test_task_api" name="test_task_update_dependencies_via_serializer" time="0.083" /><testcase classname="tests.test_task_api" name="test_task_reopen_action_increments_counter" time="0.076" /><testcase classname="tests.test_task_api" name="test_task_start_stop_tracking_actions" time="0.077" /><testcase classname="tests.test_task_api" name="test_task_add_remove_dependency_actions" time="0.076" /><testcase classname="tests.test_task_api" name="test_task_time_summary_endpoint" time="0.075" /><testcase classname="tests.test_task_api" name="test_touchup_board_structure" time="0.078" /><testcase classname="tests.test_task_api" name="test_tasks_gantt_endpoint" time="0.074" /><testcase classname="tests.test_task_dependencies" name="test_create_fs_dependency" time="0.076" /><testcase classname="tests.test_task_dependencies" name="test_prevent_self_dependency" time="0.076" /><testcase classname="tests.test_task_dependencies" name="test_cycle_detection" time="0.077" /><testcase classname="tests.test_task_dependencies" name="test_gantt_endpoint" time="0.075" /><testcase classname="tests.test_task_dependencies_cycles_extended" name="test_duplicate_dependency_same_type_rejected" time="0.077" /><testcase classname="tests.test_task_dependencies_cycles_extended" name="test_duplicate_dependency_different_type_allowed" time="0.077" /><testcase classname="tests.test_task_dependencies_cycles_extended" name="test_cycle_detection_with_mixed_types" time="0.077" /><testcase classname="tests.test_task_dependencies_cycles_extended" name="test_would_create_cycle_static_method" time="0.074" /><testcase classname="tests.test_task_dependencies_cycles_extended" name="test_dependency_lag_update" time="0.077" /><testcase classname="tests.test_task_due_dates.TestTaskDueDates" name="test_task_without_due_date" time="0.074" /><testcase classname="tests.test_task_due_dates.TestTaskDueDates" name="test_task_with_due_date" time="0.074" /><testcase classname="tests.test_task_due_dates.TestTaskDueDates" name="test_filter_tasks_by_due_date" time="0.075" /><testcase classname="tests.test_task_due_dates.TestTaskDueDates" name="test_overdue_tasks" time="0.076" /><testcase classname="tests.test_task_due_dates.TestTaskDueDates" name="test_due_soon_tasks" time="0.074" /><testcase classname="tests.test_task_due_dates.TestTaskDueDates" name="test_update_due_date" time="0.075" /><testcase classname="tests.test_task_due_dates.TestTaskDueDates" name="test_remove_due_date" time="0.075" /><testcase classname="tests.test_task_due_dates.TestTaskDueDates" name="test_order_by_due_date" time="0.076" /><testcase classname="tests.test_task_due_dates.TestTaskDueDates" name="test_priority_with_due_date" time="0.074" /><testcase classname="tests.test_task_due_dates.TestTaskDueDates" name="test_completed_task_with_past_due_date_not_overdue" time="0.074" /><testcase classname="tests.test_task_images.TestTaskImageVersioning" name="test_add_first_image" time="0.075" /><testcase classname="tests.test_task_images.TestTaskImageVersioning" name="test_add_second_image_increments_version" time="0.076" /><testcase classname="tests.test_task_images.TestTaskImageVersioning" name="test_multiple_images_versioning" time="0.079" /><testcase classname="tests.test_task_images.TestTaskImageVersioning" name="test_get_current_image" time="0.076" /><testcase classname="tests.test_task_images.TestTaskImageVersioning" name="test_get_all_versions_history" time="0.077" /><testcase classname="tests.test_task_images.TestTaskImageVersioning" name="test_image_caption_and_metadata" time="0.075" /><testcase classname="tests.test_task_images.TestTaskImageVersioning" name="test_task_with_multiple_images_touch_up" time="0.076" /><testcase classname="tests.test_task_images.TestTaskImageVersioning" name="test_image_queryset_ordering" time="0.077" /><testcase classname="tests.test_task_images.TestTaskImageVersioning" name="test_task_with_no_images" time="0.074" /><testcase classname="tests.test_task_images.TestTaskImageVersioning" name="test_image_str_representation" time="0.075" /><testcase classname="tests.test_task_priorities.TestTaskPriorities" name="test_default_priority_is_medium" time="0.074" /><testcase classname="tests.test_task_priorities.TestTaskPriorities" name="test_create_task_with_each_priority" time="0.074" /><testcase classname="tests.test_task_priorities.TestTaskPriorities" name="test_filter_by_priority" time="0.075" /><testcase classname="tests.test_task_priorities.TestTaskPriorities" name="test_order_by_priority_custom" time="0.076" /><testcase classname="tests.test_task_priorities.TestTaskPriorities" name="test_change_priority" time="0.075" /><testcase classname="tests.test_task_priorities.TestTaskPriorities" name="test_priority_with_dependencies" time="0.074" /><testcase classname="tests.test_task_priorities.TestTaskPriorities" name="test_urgent_tasks_count" time="0.074" /><testcase classname="tests.test_task_priorities.TestTaskPriorities" name="test_priority_choices_are_valid" time="0.000" /><testcase classname="tests.test_task_priorities.TestTaskPriorities" name="test_priority_display_name" time="0.074" /><testcase classname="tests.test_task_reopen.TestTaskReopenTracking" name="test_reopen_completed_task" time="0.075" /><testcase classname="tests.test_task_reopen.TestTaskReopenTracking" name="test_reopen_non_completed_task_fails" time="0.074" /><testcase classname="tests.test_task_reopen.TestTaskReopenTracking" name="test_reopen_creates_status_change_record" time="0.075" /><testcase classname="tests.test_task_reopen.TestTaskReopenTracking" name="test_reopen_events_count_property" time="0.077" /><testcase classname="tests.test_task_reopen.TestTaskReopenTracking" name="test_multiple_reopens_by_different_users" time="0.149" /><testcase classname="tests.test_task_reopen.TestTaskReopenTracking" name="test_reopen_with_dependencies_sets_pendiente" time="0.075" /><testcase classname="tests.test_task_reopen.TestTaskReopenTracking" name="test_reopen_without_dependencies_sets_en_progreso" time="0.075" /><testcase classname="tests.test_task_reopen.TestTaskReopenTracking" name="test_task_status_change_str" time="0.074" /><testcase classname="tests.test_task_reopen.TestTaskReopenTracking" name="test_status_change_ordering" time="0.077" /><testcase classname="tests.test_task_reopen.TestTaskReopenTracking" name="test_reopen_without_user" time="0.075" /><testcase classname="tests.test_task_reopen.TestTaskReopenTracking" name="test_filter_tasks_with_multiple_reopens" time="0.085" /><testcase classname="tests.test_task_time_tracking.TestTaskTimeTracking" name="test_task_initial_time_is_zero" time="0.074" /><testcase classname="tests.test_task_time_tracking.TestTaskTimeTracking" name="test_start_tracking" time="0.075" /><testcase classname="tests.test_task_time_tracking.TestTaskTimeTracking" name="test_start_tracking_touch_up_fails" time="0.074" /><testcase classname="tests.test_task_time_tracking.TestTaskTimeTracking" name="test_start_tracking_with_pending_dependency_fails" time="0.074" /><testcase classname="tests.test_task_time_tracking.TestTaskTimeTracking" name="test_stop_tracking" time="0.078" /><testcase classname="tests.test_task_time_tracking.TestTaskTimeTracking" name="test_stop_tracking_accumulates_time" time="0.081" /><testcase classname="tests.test_task_time_tracking.TestTaskTimeTracking" name="test_get_time_tracked_hours" time="0.077" /><testcase classname="tests.test_task_time_tracking.TestTaskTimeTracking" name="test_get_time_entries_hours" time="0.076" /><testcase classname="tests.test_task_time_tracking.TestTaskTimeTracking" name="test_total_hours_property" time="0.076" /><testcase classname="tests.test_task_time_tracking.TestTaskTimeTracking" name="test_stop_tracking_minimum_elapsed" time="0.077" /><testcase classname="tests.test_task_time_tracking.TestTaskTimeTracking" name="test_already_started_tracking_does_nothing" time="0.075" /><testcase classname="tests.test_task_time_tracking.TestTaskTimeTracking" name="test_time_tracking_with_task_completion" time="0.078" /><testcase classname="tests.test_time_daily_sop_workflows.TestTimeTrackingWorkflow" name="test_timeentry_create_view_loads" time="0.078" /><testcase classname="tests.test_time_daily_sop_workflows.TestTimeTrackingWorkflow" name="test_timeentry_create_post_minimal" time="0.082" /><testcase classname="tests.test_time_daily_sop_workflows.TestTimeTrackingWorkflow" name="test_timeentry_edit_delete_cycle" time="0.080" /><testcase classname="tests.test_time_daily_sop_workflows.TestDailyPlanningWorkflow" name="test_daily_planning_dashboard_loads" time="0.078" /><testcase classname="tests.test_time_daily_sop_workflows.TestDailyPlanningWorkflow" name="test_daily_plan_create_flow_minimal" time="0.080" /><testcase classname="tests.test_time_daily_sop_workflows.TestSOPLibraryWorkflow" name="test_sop_library_loads" time="0.077" /><testcase classname="tests.test_time_daily_sop_workflows.TestSOPLibraryWorkflow" name="test_sop_create_edit_loads" time="0.082" /><testcase classname="tests.test_weather_api.TestWeatherAPI" name="test_weather_snapshot_successful_api_call" time="0.002" /><testcase classname="tests.test_weather_api.TestWeatherAPI" name="test_weather_snapshot_api_error_handling" time="0.002" /><testcase classname="tests.test_weather_api.TestWeatherAPI" name="test_weather_snapshot_updates_existing" time="0.002" /><testcase classname="tests.test_weather_api.TestWeatherAPI" name="test_weather_codes_mapping" time="0.007" /><testcase classname="tests.test_weather_api.TestWeatherAPI" name="test_weather_api_only_active_projects" time="0.003" /><testcase classname="tests.test_weather_api.TestWeatherAPI" name="test_weather_api_parameters" time="0.002" /><testcase classname="tests.test_weather_api.TestWeatherAPI" name="test_humidity_estimation_logic" time="0.004" /><testcase classname="tests.test_weather_api.TestWeatherSnapshotModel" name="test_weather_snapshot_creation" time="0.001" /><testcase classname="tests.test_weather_api.TestWeatherSnapshotModel" name="test_weather_snapshot_raw_json_storage" time="0.001" /><testcase classname="tests.test_weather_service_core" name="test_weather_service_cache_and_force_refresh" time="0.001" /><testcase classname="tests.test_weather_service_core" name="test_weather_service_circuit_breaker_fallback" time="0.000" /><testcase classname="tests.test_dashboards_api" name="test_project_dashboard_basic" time="0.090" /><testcase classname="core.tests.test_hello_unittest.TestHello" name="test_hello_world" time="0.001" /><testcase classname="test_activity1_2_endpoints" name="test_material_request_workflow" time="0.001" /><testcase classname="test_activity1_2_endpoints" name="test_inventory_endpoints" time="0.001" /><testcase classname="test_activity1_2_endpoints" name="test_notifications" time="0.001" /><testcase classname="test_api" name="test_api" time="0.122" /><testcase classname="test_expense_create_delete" name="test_expense_create_delete_flow" time="0.152" /><testcase classname="test_expense_edit" name="test_expense_edit_flow" time="0.157" /><testcase classname="test_project_crud" name="test_project_crud" time="0.003" /><testcase classname="test_project_delete" name="test_delete_flow" time="0.159" /><testcase classname="tests.test_hello_pytest" name="test_hello_world" time="0.003" /></testsuite></testsuites>